2026-09-15 09:57:18,506 - aqt.helper - DEBUG - helper 132309044909568 Attempt to download checksum at https://download.qt.io/online/qtsdkrepository/linux_x64/android/qt6_673_x86_64/Updates.xml.sha256
2026-09-15 09:57:19,933 - aqt.helper - DEBUG - helper 132309044909568 Attempt to download checksum at https://download.qt.io/online/qtsdkrepository/linux_x64/android/qt6_673_x86_64/Updates.xml.sha256
2026-09-15 09:57:21,699 - aqt.helper - DEBUG - helper 132309044909568 Attempt to download checksum at https://download.qt.io/online/qtsdkrepository/linux_x64/android/qt6_673_x86_64/Updates.xml.sha256
2026-09-15 09:57:23,407 - aqt.helper - DEBUG - helper 132309044909568 Attempt to download checksum at https://download.qt.io/online/qtsdkrepository/linux_x64/android/qt6_673_x86_64/Updates.xml.sha256
2026-09-15 09:57:26,607 - aqt.helper - DEBUG - helper 132309044909568 Attempt to download checksum at https://download.qt.io/online/qtsdkrepository/linux_x64/android/qt6_673_x86_64/Updates.xml.sha256
2026-09-15 09:57:28,346 - aqt.metadata - DEBUG - metadata 132309044909568 Failed to download checksum for the file 'Updates.xml' from mirrors '['https://download.qt.io']
2026-09-15 09:57:28,346 - aqt.metadata - DEBUG - metadata 132309044909568 Failed to retrieve arches list with extension `x86_64`. Please check that this extension exists for this version of Qt: if not, code changes will be necessary.
2026-09-15 09:57:28,346 - aqt.helper - DEBUG - helper 132309044909568 Attempt to download checksum at https://download.qt.io/online/qtsdkrepository/linux_x64/android/qt6_673_arm64_v8a/Updates.xml.sha256
2026-09-15 09:57:29,369 - aqt.helper - DEBUG - helper 132309044909568 Attempt to download checksum at https://download.qt.io/online/qtsdkrepository/linux_x64/android/qt6_673_arm64_v8a/Updates.xml.sha256
2026-09-15 09:57:30,557 - aqt.helper - DEBUG - helper 132309044909568 Attempt to download checksum at https://download.qt.io/online/qtsdkrepository/linux_x64/android/qt6_673_arm64_v8a/Updates.xml.sha256
2026-09-15 09:57:31,546 - aqt.helper - DEBUG - helper 132309044909568 Attempt to download checksum at https://download.qt.io/online/qtsdkrepository/linux_x64/android/qt6_673_arm64_v8a/Updates.xml.sha256
2026-09-15 09:57:32,936 - aqt.helper - DEBUG - helper 132309044909568 Attempt to download checksum at https://download.qt.io/online/qtsdkrepository/linux_x64/android/qt6_673_arm64_v8a/Updates.xml.sha256
2026-09-15 09:57:34,713 - aqt.metadata - DEBUG - metadata 132309044909568 Failed to download checksum for the file 'Updates.xml' from mirrors '['https://download.qt.io']
2026-09-15 09:57:34,713 - aqt.metadata - DEBUG - metadata 132309044909568 Failed to retrieve arches list with extension `arm64_v8a`. Please check that this extension exists for this version of Qt: if not, code changes will be necessary.
2026-09-15 09:57:34,713 - aqt.helper - DEBUG - helper 132309044909568 Attempt to download checksum at https://download.qt.io/online/qtsdkrepository/linux_x64/android/qt6_673_armv7/Updates.xml.sha256
2026-09-15 09:57:35,882 - aqt.helper - DEBUG - helper 132309044909568 Attempt to download checksum at https://download.qt.io/online/qtsdkrepository/linux_x64/android/qt6_673_armv7/Updates.xml.sha256
2026-09-15 09:57:37,617 - aqt.helper - DEBUG - helper 132309044909568 Attempt to download checksum at https://download.qt.io/online/qtsdkrepository/linux_x64/android/qt6_673_armv7/Updates.xml.sha256
2026-09-15 09:57:43,021 - aqt.helper - DEBUG - helper 132309044909568 Attempt to download checksum at https://download.qt.io/online/qtsdkrepository/linux_x64/android/qt6_673_armv7/Updates.xml.sha256
2026-09-15 09:57:44,745 - aqt.helper - DEBUG - helper 132309044909568 Attempt to download checksum at https://download.qt.io/online/qtsdkrepository/linux_x64/android/qt6_673_armv7/Updates.xml.sha256
2026-09-15 09:57:46,515 - aqt.metadata - DEBUG - metadata 132309044909568 Failed to download checksum for the file 'Updates.xml' from mirrors '['https://download.qt.io']
2026-09-15 09:57:46,515 - aqt.metadata - DEBUG - metadata 132309044909568 Failed to retrieve arches list with extension `armv7`. Please check that this extension exists for this version of Qt: if not, code changes will be necessary.
2026-09-15 09:57:46,515 - aqt.helper - DEBUG - helper 132309044909568 Attempt to download checksum at https://download.qt.io/online/qtsdkrepository/linux_x64/android/qt6_673_x86/Updates.xml.sha256
2026-09-15 09:57:48,193 - aqt.helper - DEBUG - helper 132309044909568 Attempt to download checksum at https://download.qt.io/online/qtsdkrepository/linux_x64/android/qt6_673_x86/Updates.xml.sha256
2026-09-15 09:57:49,905 - aqt.helper - DEBUG - helper 132309044909568 Attempt to download checksum at https://download.qt.io/online/qtsdkrepository/linux_x64/android/qt6_673_x86/Updates.xml.sha256
2026-09-15 09:57:51,701 - aqt.helper - DEBUG - helper 132309044909568 Attempt to download checksum at https://download.qt.io/online/qtsdkrepository/linux_x64/android/qt6_673_x86/Updates.xml.sha256
2026-09-15 09:57:53,357 - aqt.helper - DEBUG - helper 132309044909568 Attempt to download checksum at https://download.qt.io/online/qtsdkrepository/linux_x64/android/qt6_673_x86/Updates.xml.sha256
2026-09-15 09:57:54,341 - aqt.metadata - DEBUG - metadata 132309044909568 Failed to download checksum for the file 'Updates.xml' from mirrors '['https://download.qt.io']
2026-09-15 09:57:54,341 - aqt.metadata - DEBUG - metadata 132309044909568 Failed to retrieve arches list with extension `x86`. Please check that this extension exists for this version of Qt: if not, code changes will be necessary.
2026-09-15 09:57:54,341 - aqt.main - ERROR - installer 132309044909568 No architectures available for this request.
==============================Suggested follow-up:==============================
* Please use 'aqt list-qt linux android' to show versions of Qt available.
2026-09-15 09:57:54,539 - aqt.helper - DEBUG - helper 138660781966848 Attempt to download checksum at https://download.qt.io/online/qtsdkrepository/linux_x64/android/qt6_680/qt6_680_x86/Updates.xml.sha256
2026-09-15 09:57:56,320 - aqt.helper - DEBUG - helper 138660781966848 Attempt to download checksum at https://download.qt.io/online/qtsdkrepository/linux_x64/android/qt6_680/qt6_680_x86/Updates.xml.sha256
2026-09-15 09:57:57,970 - aqt.helper - DEBUG - helper 138660781966848 Attempt to download checksum at https://download.qt.io/online/qtsdkrepository/linux_x64/android/qt6_680/qt6_680_x86/Updates.xml.sha256
2026-09-15 09:57:59,202 - aqt.helper - DEBUG - helper 138660781966848 Attempt to download checksum at https://download.qt.io/online/qtsdkrepository/linux_x64/android/qt6_680/qt6_680_x86/Updates.xml.sha256
2026-09-15 09:58:00,871 - aqt.helper - DEBUG - helper 138660781966848 Attempt to download checksum at https://download.qt.io/online/qtsdkrepository/linux_x64/android/qt6_680/qt6_680_x86/Updates.xml.sha256
2026-09-15 09:58:01,877 - aqt.metadata - DEBUG - metadata 138660781966848 Failed to download checksum for the file 'Updates.xml' from mirrors '['https://download.qt.io']
2026-09-15 09:58:01,878 - aqt.metadata - DEBUG - metadata 138660781966848 Failed to retrieve arches list with extension `x86`. Please check that this extension exists for this version of Qt: if not, code changes will be necessary.
2026-09-15 09:58:01,878 - aqt.helper - DEBUG - helper 138660781966848 Attempt to download checksum at https://download.qt.io/online/qtsdkrepository/linux_x64/android/qt6_680/qt6_680_arm64_v8a/Updates.xml.sha256
2026-09-15 09:58:02,906 - aqt.helper - DEBUG - helper 138660781966848 Attempt to download checksum at https://download.qt.io/online/qtsdkrepository/linux_x64/android/qt6_680/qt6_680_arm64_v8a/Updates.xml.sha256
2026-09-15 09:58:04,121 - aqt.helper - DEBUG - helper 138660781966848 Attempt to download checksum at https://download.qt.io/online/qtsdkrepository/linux_x64/android/qt6_680/qt6_680_arm64_v8a/Updates.xml.sha256
2026-09-15 09:58:05,306 - aqt.helper - DEBUG - helper 138660781966848 Attempt to download checksum at https://download.qt.io/online/qtsdkrepository/linux_x64/android/qt6_680/qt6_680_arm64_v8a/Updates.xml.sha256
2026-09-15 09:58:06,989 - aqt.helper - DEBUG - helper 138660781966848 Attempt to download checksum at https://download.qt.io/online/qtsdkrepository/linux_x64/android/qt6_680/qt6_680_arm64_v8a/Updates.xml.sha256
2026-09-15 09:58:09,811 - aqt.metadata - DEBUG - metadata 138660781966848 Failed to download checksum for the file 'Updates.xml' from mirrors '['https://download.qt.io']
2026-09-15 09:58:09,812 - aqt.metadata - DEBUG - metadata 138660781966848 Failed to retrieve arches list with extension `arm64_v8a`. Please check that this extension exists for this version of Qt: if not, code changes will be necessary.
2026-09-15 09:58:09,812 - aqt.helper - DEBUG - helper 138660781966848 Attempt to download checksum at https://download.qt.io/online/qtsdkrepository/linux_x64/android/qt6_680/qt6_680_x86_64/Updates.xml.sha256
2026-09-15 09:58:13,152 - aqt.helper - DEBUG - helper 138660781966848 Attempt to download checksum at https://download.qt.io/online/qtsdkrepository/linux_x64/android/qt6_680/qt6_680_x86_64/Updates.xml.sha256
2026-09-15 09:58:14,858 - aqt.helper - DEBUG - helper 138660781966848 Attempt to download checksum at https://download.qt.io/online/qtsdkrepository/linux_x64/android/qt6_680/qt6_680_x86_64/Updates.xml.sha256
2026-09-15 09:58:16,320 - aqt.helper - DEBUG - helper 138660781966848 Attempt to download checksum at https://download.qt.io/online/qtsdkrepository/linux_x64/android/qt6_680/qt6_680_x86_64/Updates.xml.sha256
2026-09-15 09:58:17,954 - aqt.helper - DEBUG - helper 138660781966848 Attempt to download checksum at https://download.qt.io/online/qtsdkrepository/linux_x64/android/qt6_680/qt6_680_x86_64/Updates.xml.sha256
2026-09-15 09:58:19,019 - aqt.metadata - DEBUG - metadata 138660781966848 Failed to download checksum for the file 'Updates.xml' from mirrors '['https://download.qt.io']
2026-09-15 09:58:19,020 - aqt.metadata - DEBUG - metadata 138660781966848 Failed to retrieve arches list with extension `x86_64`. Please check that this extension exists for this version of Qt: if not, code changes will be necessary.
2026-09-15 09:58:19,020 - aqt.helper - DEBUG - helper 138660781966848 Attempt to download checksum at https://download.qt.io/online/qtsdkrepository/linux_x64/android/qt6_680/qt6_680_armv7/Updates.xml.sha256
2026-09-15 09:58:20,641 - aqt.helper - DEBUG - helper 138660781966848 Attempt to download checksum at https://download.qt.io/online/qtsdkrepository/linux_x64/android/qt6_680/qt6_680_armv7/Updates.xml.sha256
2026-09-15 09:58:22,616 - aqt.helper - DEBUG - helper 138660781966848 Attempt to download checksum at https://download.qt.io/online/qtsdkrepository/linux_x64/android/qt6_680/qt6_680_armv7/Updates.xml.sha256
2026-09-15 09:58:24,383 - aqt.helper - DEBUG - helper 138660781966848 Attempt to download checksum at https://download.qt.io/online/qtsdkrepository/linux_x64/android/qt6_680/qt6_680_armv7/Updates.xml.sha256
2026-09-15 09:58:25,694 - aqt.helper - DEBUG - helper 138660781966848 Attempt to download checksum at https://download.qt.io/online/qtsdkrepository/linux_x64/android/qt6_680/qt6_680_armv7/Updates.xml.sha256
2026-09-15 09:58:27,396 - aqt.metadata - DEBUG - metadata 138660781966848 Failed to download checksum for the file 'Updates.xml' from mirrors '['https://download.qt.io']
2026-09-15 09:58:27,397 - aqt.metadata - DEBUG - metadata 138660781966848 Failed to retrieve arches list with extension `armv7`. Please check that this extension exists for this version of Qt: if not, code changes will be necessary.
2026-09-15 09:58:27,397 - aqt.main - ERROR - installer 138660781966848 No architectures available for this request.
==============================Suggested follow-up:==============================
* Please use 'aqt list-qt linux android' to show versions of Qt available.
2026-09-15 09:58:32,730 - aqt.helper - DEBUG - helper 128875104445952 Attempt to download checksum at https://download.qt.io/online/qtsdkrepository/linux_x64/android/qt6_673_arm64_v8a/Updates.xml.sha256
2026-09-15 09:58:33,716 - aqt.helper - DEBUG - helper 128875104445952 Attempt to download checksum at https://download.qt.io/online/qtsdkrepository/linux_x64/android/qt6_673_arm64_v8a/Updates.xml.sha256
2026-09-15 09:58:34,923 - aqt.helper - DEBUG - helper 128875104445952 Attempt to download checksum at https://download.qt.io/online/qtsdkrepository/linux_x64/android/qt6_673_arm64_v8a/Updates.xml.sha256
2026-09-15 09:58:36,635 - aqt.helper - DEBUG - helper 128875104445952 Attempt to download checksum at https://download.qt.io/online/qtsdkrepository/linux_x64/android/qt6_673_arm64_v8a/Updates.xml.sha256
2026-09-15 09:58:38,330 - aqt.helper - DEBUG - helper 128875104445952 Attempt to download checksum at https://download.qt.io/online/qtsdkrepository/linux_x64/android/qt6_673_arm64_v8a/Updates.xml.sha256
2026-09-15 09:58:39,353 - aqt.metadata - DEBUG - metadata 128875104445952 Failed to download checksum for the file 'Updates.xml' from mirrors '['https://download.qt.io']
2026-09-15 09:58:39,353 - aqt.metadata - DEBUG - metadata 128875104445952 Failed to retrieve arches list with extension `arm64_v8a`. Please check that this extension exists for this version of Qt: if not, code changes will be necessary.
2026-09-15 09:58:39,353 - aqt.helper - DEBUG - helper 128875104445952 Attempt to download checksum at https://download.qt.io/online/qtsdkrepository/linux_x64/android/qt6_673_x86/Updates.xml.sha256
2026-09-15 09:58:40,376 - aqt.helper - DEBUG - helper 128875104445952 Attempt to download checksum at https://download.qt.io/online/qtsdkrepository/linux_x64/android/qt6_673_x86/Updates.xml.sha256
2026-09-15 09:58:43,187 - aqt.helper - DEBUG - helper 128875104445952 Attempt to download checksum at https://download.qt.io/online/qtsdkrepository/linux_x64/android/qt6_673_x86/Updates.xml.sha256
2026-09-15 09:58:44,987 - aqt.helper - DEBUG - helper 128875104445952 Attempt to download checksum at https://download.qt.io/online/qtsdkrepository/linux_x64/android/qt6_673_x86/Updates.xml.sha256
2026-09-15 09:58:46,739 - aqt.helper - DEBUG - helper 128875104445952 Attempt to download checksum at https://download.qt.io/online/qtsdkrepository/linux_x64/android/qt6_673_x86/Updates.xml.sha256
2026-09-15 09:58:47,783 - aqt.metadata - DEBUG - metadata 128875104445952 Failed to download checksum for the file 'Updates.xml' from mirrors '['https://download.qt.io']
2026-09-15 09:58:47,783 - aqt.metadata - DEBUG - metadata 128875104445952 Failed to retrieve arches list with extension `x86`. Please check that this extension exists for this version of Qt: if not, code changes will be necessary.
2026-09-15 09:58:47,783 - aqt.helper - DEBUG - helper 128875104445952 Attempt to download checksum at https://download.qt.io/online/qtsdkrepository/linux_x64/android/qt6_673_armv7/Updates.xml.sha256
2026-09-15 09:58:49,446 - aqt.helper - DEBUG - helper 128875104445952 Attempt to download checksum at https://download.qt.io/online/qtsdkrepository/linux_x64/android/qt6_673_armv7/Updates.xml.sha256
2026-09-15 09:58:50,622 - aqt.helper - DEBUG - helper 128875104445952 Attempt to download checksum at https://download.qt.io/online/qtsdkrepository/linux_x64/android/qt6_673_armv7/Updates.xml.sha256
2026-09-15 09:58:52,370 - aqt.helper - DEBUG - helper 128875104445952 Attempt to download checksum at https://download.qt.io/online/qtsdkrepository/linux_x64/android/qt6_673_armv7/Updates.xml.sha256
2026-09-15 09:58:55,260 - aqt.helper - DEBUG - helper 128875104445952 Attempt to download checksum at https://download.qt.io/online/qtsdkrepository/linux_x64/android/qt6_673_armv7/Updates.xml.sha256
2026-09-15 09:58:56,244 - aqt.metadata - DEBUG - metadata 128875104445952 Failed to download checksum for the file 'Updates.xml' from mirrors '['https://download.qt.io']
2026-09-15 09:58:56,244 - aqt.metadata - DEBUG - metadata 128875104445952 Failed to retrieve arches list with extension `armv7`. Please check that this extension exists for this version of Qt: if not, code changes will be necessary.
2026-09-15 09:58:56,245 - aqt.helper - DEBUG - helper 128875104445952 Attempt to download checksum at https://download.qt.io/online/qtsdkrepository/linux_x64/android/qt6_673_x86_64/Updates.xml.sha256
2026-09-15 09:58:59,026 - aqt.helper - DEBUG - helper 128875104445952 Attempt to download checksum at https://download.qt.io/online/qtsdkrepository/linux_x64/android/qt6_673_x86_64/Updates.xml.sha256
2026-09-15 09:59:01,308 - aqt.helper - DEBUG - helper 128875104445952 Attempt to download checksum at https://download.qt.io/online/qtsdkrepository/linux_x64/android/qt6_673_x86_64/Updates.xml.sha256
2026-09-15 09:59:03,055 - aqt.helper - DEBUG - helper 128875104445952 Attempt to download checksum at https://download.qt.io/online/qtsdkrepository/linux_x64/android/qt6_673_x86_64/Updates.xml.sha256
2026-09-15 09:59:05,350 - aqt.helper - DEBUG - helper 128875104445952 Attempt to download checksum at https://download.qt.io/online/qtsdkrepository/linux_x64/android/qt6_673_x86_64/Updates.xml.sha256
2026-09-15 09:59:06,369 - aqt.metadata - DEBUG - metadata 128875104445952 Failed to download checksum for the file 'Updates.xml' from mirrors '['https://download.qt.io']
2026-09-15 09:59:06,369 - aqt.metadata - DEBUG - metadata 128875104445952 Failed to retrieve arches list with extension `x86_64`. Please check that this extension exists for this version of Qt: if not, code changes will be necessary.
2026-09-15 09:59:06,369 - aqt.main - ERROR - installer 128875104445952 No architectures available for this request.
==============================Suggested follow-up:==============================
* Please use 'aqt list-qt linux android' to show versions of Qt available.
2026-09-15 09:59:06,580 - aqt.helper - DEBUG - helper 124702853928448 Attempt to download checksum at https://download.qt.io/online/qtsdkrepository/linux_x64/android/qt6_683/qt6_683_arm64_v8a/Updates.xml.sha256
2026-09-15 09:59:08,185 - aqt.helper - DEBUG - helper 124702853928448 Attempt to download checksum at https://download.qt.io/online/qtsdkrepository/linux_x64/android/qt6_683/qt6_683_arm64_v8a/Updates.xml.sha256
2026-09-15 09:59:09,975 - aqt.helper - DEBUG - helper 124702853928448 Attempt to download checksum at https://download.qt.io/online/qtsdkrepository/linux_x64/android/qt6_683/qt6_683_arm64_v8a/Updates.xml.sha256
2026-09-15 09:59:11,764 - aqt.helper - DEBUG - helper 124702853928448 Attempt to download checksum at https://download.qt.io/online/qtsdkrepository/linux_x64/android/qt6_683/qt6_683_arm64_v8a/Updates.xml.sha256
2026-09-15 09:59:13,561 - aqt.helper - DEBUG - helper 124702853928448 Attempt to download checksum at https://download.qt.io/online/qtsdkrepository/linux_x64/android/qt6_683/qt6_683_arm64_v8a/Updates.xml.sha256
2026-09-15 09:59:14,774 - aqt.metadata - DEBUG - metadata 124702853928448 Failed to download checksum for the file 'Updates.xml' from mirrors '['https://download.qt.io']
2026-09-15 09:59:14,775 - aqt.metadata - DEBUG - metadata 124702853928448 Failed to retrieve arches list with extension `arm64_v8a`. Please check that this extension exists for this version of Qt: if not, code changes will be necessary.
2026-09-15 09:59:14,775 - aqt.helper - DEBUG - helper 124702853928448 Attempt to download checksum at https://download.qt.io/online/qtsdkrepository/linux_x64/android/qt6_683/qt6_683_armv7/Updates.xml.sha256
2026-09-15 09:59:15,759 - aqt.helper - DEBUG - helper 124702853928448 Attempt to download checksum at https://download.qt.io/online/qtsdkrepository/linux_x64/android/qt6_683/qt6_683_armv7/Updates.xml.sha256
2026-09-15 09:59:16,978 - aqt.helper - DEBUG - helper 124702853928448 Attempt to download checksum at https://download.qt.io/online/qtsdkrepository/linux_x64/android/qt6_683/qt6_683_armv7/Updates.xml.sha256
2026-09-15 09:59:18,781 - aqt.helper - DEBUG - helper 124702853928448 Attempt to download checksum at https://download.qt.io/online/qtsdkrepository/linux_x64/android/qt6_683/qt6_683_armv7/Updates.xml.sha256
2026-09-15 09:59:21,139 - aqt.helper - DEBUG - helper 124702853928448 Attempt to download checksum at https://download.qt.io/online/qtsdkrepository/linux_x64/android/qt6_683/qt6_683_armv7/Updates.xml.sha256
2026-09-15 09:59:22,160 - aqt.metadata - DEBUG - metadata 124702853928448 Failed to download checksum for the file 'Updates.xml' from mirrors '['https://download.qt.io']
2026-09-15 09:59:22,160 - aqt.metadata - DEBUG - metadata 124702853928448 Failed to retrieve arches list with extension `armv7`. Please check that this extension exists for this version of Qt: if not, code changes will be necessary.
2026-09-15 09:59:22,161 - aqt.helper - DEBUG - helper 124702853928448 Attempt to download checksum at https://download.qt.io/online/qtsdkrepository/linux_x64/android/qt6_683/qt6_683_x86_64/Updates.xml.sha256
2026-09-15 09:59:23,915 - aqt.helper - DEBUG - helper 124702853928448 Attempt to download checksum at https://download.qt.io/online/qtsdkrepository/linux_x64/android/qt6_683/qt6_683_x86_64/Updates.xml.sha256
2026-09-15 09:59:24,910 - aqt.helper - DEBUG - helper 124702853928448 Attempt to download checksum at https://download.qt.io/online/qtsdkrepository/linux_x64/android/qt6_683/qt6_683_x86_64/Updates.xml.sha256
2026-09-15 09:59:25,109 - aqt.main - WARNING - installer 123709301016064 The parameter 'extension' with value 'x86_64' is deprecated and marked for removal in a future version of aqt.
In the future, please omit this parameter.
2026-09-15 09:59:25,109 - aqt.main - WARNING - installer 123709301016064 The '--extension' flag will be ignored.
2026-09-15 09:59:26,711 - aqt.helper - DEBUG - helper 124702853928448 Attempt to download checksum at https://download.qt.io/online/qtsdkrepository/linux_x64/android/qt6_683/qt6_683_x86_64/Updates.xml.sha256
2026-09-15 09:59:27,699 - aqt.helper - DEBUG - helper 124702853928448 Attempt to download checksum at https://download.qt.io/online/qtsdkrepository/linux_x64/android/qt6_683/qt6_683_x86_64/Updates.xml.sha256
2026-09-15 09:59:31,639 - aqt.metadata - DEBUG - metadata 124702853928448 Failed to download checksum for the file 'Updates.xml' from mirrors '['https://download.qt.io']
2026-09-15 09:59:31,639 - aqt.metadata - DEBUG - metadata 124702853928448 Failed to retrieve arches list with extension `x86_64`. Please check that this extension exists for this version of Qt: if not, code changes will be necessary.
2026-09-15 09:59:31,639 - aqt.helper - DEBUG - helper 124702853928448 Attempt to download checksum at https://download.qt.io/online/qtsdkrepository/linux_x64/android/qt6_683/qt6_683_x86/Updates.xml.sha256
2026-09-15 09:59:32,622 - aqt.helper - DEBUG - helper 124702853928448 Attempt to download checksum at https://download.qt.io/online/qtsdkrepository/linux_x64/android/qt6_683/qt6_683_x86/Updates.xml.sha256
2026-09-15 09:59:33,829 - aqt.helper - DEBUG - helper 124702853928448 Attempt to download checksum at https://download.qt.io/online/qtsdkrepository/linux_x64/android/qt6_683/qt6_683_x86/Updates.xml.sha256
2026-09-15 09:59:35,601 - aqt.helper - DEBUG - helper 124702853928448 Attempt to download checksum at https://download.qt.io/online/qtsdkrepository/linux_x64/android/qt6_683/qt6_683_x86/Updates.xml.sha256
2026-09-15 09:59:37,154 - aqt.helper - DEBUG - helper 124702853928448 Attempt to download checksum at https://download.qt.io/online/qtsdkrepository/linux_x64/android/qt6_683/qt6_683_x86/Updates.xml.sha256
2026-09-15 09:59:38,932 - aqt.metadata - DEBUG - metadata 124702853928448 Failed to download checksum for the file 'Updates.xml' from mirrors '['https://download.qt.io']
2026-09-15 09:59:38,932 - aqt.metadata - DEBUG - metadata 124702853928448 Failed to retrieve arches list with extension `x86`. Please check that this extension exists for this version of Qt: if not, code changes will be necessary.
2026-09-15 09:59:38,932 - aqt.main - ERROR - installer 124702853928448 No architectures available for this request.
==============================Suggested follow-up:==============================
* Please use 'aqt list-qt linux android' to show versions of Qt available.
2026-09-15 09:59:50,538 - aqt.helper - DEBUG - helper 128837420787200 Attempt to download checksum at https://download.qt.io/online/qtsdkrepository/linux_x64/android/qt6_673_x86_64/Updates.xml.sha256
2026-09-15 09:59:52,343 - aqt.helper - DEBUG - helper 128837420787200 Attempt to download checksum at https://download.qt.io/online/qtsdkrepository/linux_x64/android/qt6_673_x86_64/Updates.xml.sha256
2026-09-15 09:59:53,533 - aqt.helper - DEBUG - helper 128837420787200 Attempt to download checksum at https://download.qt.io/online/qtsdkrepository/linux_x64/android/qt6_673_x86_64/Updates.xml.sha256
2026-09-15 09:59:56,696 - aqt.helper - DEBUG - helper 128837420787200 Attempt to download checksum at https://download.qt.io/online/qtsdkrepository/linux_x64/android/qt6_673_x86_64/Updates.xml.sha256
2026-09-15 09:59:58,507 - aqt.helper - DEBUG - helper 128837420787200 Attempt to download checksum at https://download.qt.io/online/qtsdkrepository/linux_x64/android/qt6_673_x86_64/Updates.xml.sha256
2026-09-15 10:00:00,239 - aqt.main - ERROR - installer 128837420787200 Failed to download checksum for the file 'Updates.xml' from mirrors '['https://download.qt.io']
==============================Suggested follow-up:==============================
* Check your internet connection
* Consider modifying `requests.max_retries_to_retrieve_hash` in settings.ini
* Consider modifying `mirrors.trusted_mirrors` in settings.ini (see https://aqtinstall.readthedocs.io/en/stable/configuration.html#configuration)
* Please use 'aqt list-qt linux android' to show versions of Qt available.
* Please use 'aqt list-qt linux android --arch <QT_VERSION>' to list valid architectures.
